  Determining projects to restore...
  All projects are up-to-date for restore.
  Assignment_Example_HU -> C:\Users\Hp\source\repos\sportManagement\bin\Debug\net10.0\Assignment_Example_HU.dll

Build succeeded.
    0 Warning(s)
    0 Error(s)

Time Elapsed 00:00:04.86
